// Jest Snapshot v1, https://goo.gl/fbAQLP

exports[`MainScreen render 1`] = `
<DocumentFragment>
  <div
    class="MainScreen"
  >
    <header
      class="MainScreen__header"
    >
      <h1
        class="MainScreen__headerTitle"
      >
        人口推移ビューワー
      </h1>
    </header>
    <div
      class="MainScreen__prefs"
    >
      <h2
        class="MainScreen__prefsTitle"
      >
        都道府県
      </h2>
      <div
        class="CheckboxList"
      >
        <label
          class="CheckboxList__item"
        >
          <input
            type="checkbox"
            value="1"
          />
          東京都
        </label>
        <label
          class="CheckboxList__item"
        >
          <input
            type="checkbox"
            value="2"
          />
          大阪府
        </label>
      </div>
    </div>
    <div
      class="MainScreen__chart"
    >
      <div
        data-highcharts-chart="0"
        style="overflow: hidden;"
      >
        <div
          class="highcharts-container "
          dir="ltr"
          id="highcharts-0"
          style="position: relative; overflow: hidden; width: 600px; height: 400px; text-align: left; line-height: normal; z-index: 0; user-select: none; outline: none;"
        >
          <svg
            class="highcharts-root"
            height="400"
            style="font-family:\\"Lucida Grande\\", \\"Lucida Sans Unicode\\", Arial, Helvetica, sans-serif;font-size:12px;"
            version="1.1"
            viewBox="0 0 600 400"
            width="600"
            xmlns="http://www.w3.org/2000/svg"
          >
            <desc>
              Created with Highcharts 9.2.2
            </desc>
            <defs>
              <clippath
                id="highcharts-1-"
              >
                <rect
                  fill="none"
                  height="NaN"
                  width="NaN"
                  x="0"
                  y="0"
                />
              </clippath>
              <clippath
                id="highcharts-7-"
              >
                <rect
                  fill="none"
                  height="400"
                  width="NaN"
                  x="-99"
                  y="-10"
                />
              </clippath>
              <clippath
                id="highcharts-8-"
              >
                <rect
                  fill="none"
                  height="NaN"
                  width="NaN"
                  x="0"
                  y="0"
                />
              </clippath>
            </defs>
            <rect
              class="highcharts-background"
              fill="#ffffff"
              height="400"
              rx="0"
              ry="0"
              width="600"
              x="0"
              y="0"
            />
            <rect
              class="highcharts-plot-background"
              fill="none"
              height="NaN"
              width="NaN"
              x="NaN"
              y="10"
            />
            <rect
              class="highcharts-plot-border"
              data-z-index="1"
              fill="none"
              height="375"
              width="580"
              x="10"
              y="10"
            />
            <g
              class="highcharts-grid highcharts-xaxis-grid"
              data-z-index="1"
            >
              <path
                class="highcharts-grid-line"
                d="M 0 0"
                data-z-index="1"
                fill="none"
                opacity="1"
                stroke-dasharray="none"
              />
              <path
                class="highcharts-grid-line"
                d="M 0 0"
                data-z-index="1"
                fill="none"
                opacity="1"
                stroke-dasharray="none"
              />
              <path
                class="highcharts-grid-line"
                d="M 0 0"
                data-z-index="1"
                fill="none"
                opacity="1"
                stroke-dasharray="none"
              />
              <path
                class="highcharts-grid-line"
                d="M 0 0"
                data-z-index="1"
                fill="none"
                opacity="1"
                stroke-dasharray="none"
              />
              <path
                class="highcharts-grid-line"
                d="M 0 0"
                data-z-index="1"
                fill="none"
                opacity="1"
                stroke-dasharray="none"
              />
              <path
                class="highcharts-grid-line"
                d="M 0 0"
                data-z-index="1"
                fill="none"
                opacity="1"
                stroke-dasharray="none"
              />
            </g>
            <g
              class="highcharts-grid highcharts-yaxis-grid"
              data-z-index="1"
            >
              <path
                class="highcharts-grid-line"
                d="M 0 0"
                data-z-index="1"
                fill="none"
                opacity="1"
                stroke="#e6e6e6"
                stroke-dasharray="none"
                stroke-width="1"
              />
              <path
                class="highcharts-grid-line"
                d="M 0 0"
                data-z-index="1"
                fill="none"
                opacity="1"
                stroke="#e6e6e6"
                stroke-dasharray="none"
                stroke-width="1"
              />
              <path
                class="highcharts-grid-line"
                d="M 0 0"
                data-z-index="1"
                fill="none"
                opacity="1"
                stroke="#e6e6e6"
                stroke-dasharray="none"
                stroke-width="1"
              />
              <path
                class="highcharts-grid-line"
                d="M 0 0"
                data-z-index="1"
                fill="none"
                opacity="1"
                stroke="#e6e6e6"
                stroke-dasharray="none"
                stroke-width="1"
              />
              <path
                class="highcharts-grid-line"
                d="M 0 0"
                data-z-index="1"
                fill="none"
                opacity="1"
                stroke="#e6e6e6"
                stroke-dasharray="none"
                stroke-width="1"
              />
              <path
                class="highcharts-grid-line"
                d="M 0 0"
                data-z-index="1"
                fill="none"
                opacity="1"
                stroke="#e6e6e6"
                stroke-dasharray="none"
                stroke-width="1"
              />
              <path
                class="highcharts-grid-line"
                d="M 0 0"
                data-z-index="1"
                fill="none"
                opacity="1"
                stroke="#e6e6e6"
                stroke-dasharray="none"
                stroke-width="1"
              />
            </g>
            <g
              class="highcharts-axis highcharts-xaxis"
              data-z-index="2"
            >
              <text
                class="highcharts-axis-title"
                data-z-index="7"
                style="color:#666666;fill:#666666;"
                text-anchor="end"
                transform="translate(0,0)"
                x="0"
                y="-9999"
              >
                年度
              </text>
              <path
                class="highcharts-axis-line"
                d="M 0 0"
                data-z-index="7"
                fill="none"
                stroke="#ccd6eb"
                stroke-width="1"
              />
            </g>
            <g
              class="highcharts-axis highcharts-yaxis"
              data-z-index="2"
            >
              <text
                class="highcharts-axis-title"
                data-z-index="7"
                style="color:#666666;fill:#666666;"
                text-anchor="end"
                transform="translate(0,0)"
                x="NaN"
                y="0"
              >
                人口数
              </text>
              <path
                class="highcharts-axis-line"
                d="M 0 0"
                data-z-index="7"
                fill="none"
              />
            </g>
            <g
              class="highcharts-series-group"
              data-z-index="3"
            >
              <g
                class="highcharts-series highcharts-series-0 highcharts-line-series highcharts-color-0"
                clip-path="url(#highcharts-8-)"
                data-z-index="0.1"
                opacity="1"
                transform="translate(0,10) scale(1 1)"
              >
                <path
                  class="highcharts-graph"
                  d="M -100000 -100000 L -100000 -100000 L -100000 -100000 L -100000 -100000 L -100000 -100000"
                  data-z-index="1"
                  fill="none"
                  stroke="#7cb5ec"
                  stroke-linecap="round"
                  stroke-linejoin="round"
                  stroke-width="2"
                />
                <path
                  class="highcharts-tracker-line"
                  d="M -100000 -100000 L -100000 -100000 L -100000 -100000 L -100000 -100000 L -100000 -100000"
                  data-z-index="2"
                  fill="none"
                  stroke="rgba(192,192,192,0.002)"
                  stroke-linecap="round"
                  stroke-linejoin="round"
                  stroke-width="22"
                  visibility="visible"
                />
              </g>
              <g
                class="highcharts-markers highcharts-series-0 highcharts-line-series highcharts-color-0 highcharts-tracker"
                clip-path="url(#highcharts-7-)"
                data-z-index="0.1"
                opacity="1"
                transform="translate(0,10) scale(1 1)"
              />
            </g>
            <text
              class="highcharts-title"
              data-z-index="4"
              style="color:#333333;font-size:18px;fill:#333333;"
              text-anchor="middle"
              x="300"
              y="24"
            >
              ㅤ
            </text>
            <text
              class="highcharts-subtitle"
              data-z-index="4"
              style="color:#666666;fill:#666666;"
              text-anchor="middle"
              x="300"
              y="10"
            />
            <text
              class="highcharts-caption"
              data-z-index="4"
              style="color:#666666;fill:#666666;"
              text-anchor="start"
              x="10"
              y="397"
            />
            <g
              class="highcharts-legend highcharts-no-tooltip"
              data-z-index="7"
              transform="translate(590,10)"
            >
              <rect
                class="highcharts-legend-box"
                fill="none"
                height="8"
                rx="0"
                ry="0"
                visibility="visible"
                width="8"
                x="0"
                y="0"
              />
              <g
                data-z-index="1"
              >
                <g>
                  <g
                    class="highcharts-legend-item highcharts-line-series highcharts-color-0 highcharts-series-0"
                    data-z-index="1"
                    transform="translate(8,3)"
                  >
                    <path
                      class="highcharts-graph"
                      d="M 0 11 L 16 11"
                      fill="none"
                      stroke="#7cb5ec"
                      stroke-width="2"
                    />
                    <path
                      class="highcharts-point"
                      d="M 8 15 A 4 4 0 1 1 8.003999999333336 14.999998000000167 Z"
                      fill="#7cb5ec"
                      opacity="1"
                    />
                    <text
                      data-z-index="2"
                      style="color:#333333;cursor:pointer;font-size:12px;font-weight:bold;fill:#333333;"
                      text-anchor="start"
                      x="21"
                      y="15"
                    >
                      東京都
                    </text>
                  </g>
                </g>
              </g>
            </g>
            <g
              class="highcharts-axis-labels highcharts-xaxis-labels"
              data-z-index="7"
            >
              <text
                style="color:#666666;cursor:default;font-size:11px;fill:#666666;"
                text-anchor="middle"
                transform="translate(0,0)"
                x="0"
              >
                1960
              </text>
              <text
                style="color:#666666;cursor:default;font-size:11px;fill:#666666;"
                text-anchor="middle"
                transform="translate(0,0)"
                x="0"
              >
                1965
              </text>
              <text
                style="color:#666666;cursor:default;font-size:11px;fill:#666666;"
                text-anchor="middle"
                transform="translate(0,0)"
                x="0"
              >
                1970
              </text>
              <text
                style="color:#666666;cursor:default;font-size:11px;fill:#666666;"
                text-anchor="middle"
                transform="translate(0,0)"
                x="0"
              >
                1975
              </text>
              <text
                style="color:#666666;cursor:default;font-size:11px;fill:#666666;"
                text-anchor="middle"
                transform="translate(0,0)"
                x="0"
              >
                1980
              </text>
            </g>
            <g
              class="highcharts-axis-labels highcharts-yaxis-labels"
              data-z-index="7"
            >
              <text
                style="color:#666666;cursor:default;font-size:11px;fill:#666666;"
                text-anchor="end"
                transform="translate(0,0)"
                x="0"
              >
                0
              </text>
              <text
                style="color:#666666;cursor:default;font-size:11px;fill:#666666;"
                text-anchor="end"
                transform="translate(0,0)"
                x="0"
              >
                10
              </text>
              <text
                style="color:#666666;cursor:default;font-size:11px;fill:#666666;"
                text-anchor="end"
                transform="translate(0,0)"
                x="0"
              >
                20
              </text>
              <text
                style="color:#666666;cursor:default;font-size:11px;fill:#666666;"
                text-anchor="end"
                transform="translate(0,0)"
                x="0"
              >
                30
              </text>
              <text
                style="color:#666666;cursor:default;font-size:11px;fill:#666666;"
                text-anchor="end"
                transform="translate(0,0)"
                x="0"
              >
                40
              </text>
              <text
                style="color:#666666;cursor:default;font-size:11px;fill:#666666;"
                text-anchor="end"
                transform="translate(0,0)"
                x="0"
              >
                50
              </text>
              <text
                style="color:#666666;cursor:default;font-size:11px;fill:#666666;"
                text-anchor="end"
                transform="translate(0,0)"
                x="0"
              >
                60
              </text>
            </g>
            <text
              class="highcharts-credits"
              data-z-index="8"
              style="cursor:pointer;color:#999999;font-size:9px;fill:#999999;"
              text-anchor="end"
              x="590"
              y="395"
            >
              Highcharts.com
            </text>
          </svg>
        </div>
      </div>
    </div>
  </div>
</DocumentFragment>
`;
